com/gdxsoft/easyweb/utils/Mail/SmtpCfg.class
com/gdxsoft/easyweb/utils/UFileCheck.class
com/gdxsoft/easyweb/utils/Mail/SmtpCfgs.class
com/gdxsoft/easyweb/utils/UFileFilter.class
com/gdxsoft/easyweb/utils/msnet/MListStr.class
com/gdxsoft/easyweb/utils/UJSon.class
com/gdxsoft/easyweb/utils/UFormat.class
com/gdxsoft/easyweb/utils/Mail/MailAuth.class
com/gdxsoft/easyweb/utils/Utils.class
com/gdxsoft/easyweb/utils/OpCipher.class
com/gdxsoft/easyweb/utils/URsa.class
com/gdxsoft/easyweb/utils/IPageSplit.class
com/gdxsoft/easyweb/utils/UDns.class
com/gdxsoft/easyweb/utils/UUrl.class
com/gdxsoft/easyweb/utils/UArgon2.class
com/gdxsoft/easyweb/utils/UMail.class
com/gdxsoft/easyweb/utils/sources/SourcesToOneFile.class
com/gdxsoft/easyweb/utils/UConvert.class
com/gdxsoft/easyweb/utils/types/UInt16.class
com/gdxsoft/easyweb/utils/HttpsOverSocks5.class
com/gdxsoft/easyweb/utils/UDes.class
com/gdxsoft/easyweb/utils/UNet.class
com/gdxsoft/easyweb/utils/types/UInt32.class
com/gdxsoft/easyweb/utils/ULogic.class
com/gdxsoft/easyweb/utils/HttpsOverSocks5$Response.class
com/gdxsoft/easyweb/utils/Mail/Addr.class
com/gdxsoft/easyweb/utils/Mail/IDKIMCanonicalization.class
com/gdxsoft/easyweb/utils/UCheckerIn.class
com/gdxsoft/easyweb/utils/UHtml.class
com/gdxsoft/easyweb/utils/types/UInt64.class
com/gdxsoft/easyweb/utils/msnet/MTableStr.class
com/gdxsoft/easyweb/utils/USign.class
com/gdxsoft/easyweb/utils/UDigest.class
com/gdxsoft/easyweb/utils/UCookies.class
com/gdxsoft/easyweb/conf/ConfImageMagick.class
com/gdxsoft/easyweb/utils/Mail/DKIMSigner.class
com/gdxsoft/easyweb/utils/msnet/MTable.class
com/gdxsoft/easyweb/utils/UXml.class
com/gdxsoft/easyweb/utils/UPinYin.class
com/gdxsoft/easyweb/utils/Mail/DKIMMessage.class
com/gdxsoft/easyweb/utils/Mail/DKIMCanonicalizationRelaxedImpl.class
com/gdxsoft/easyweb/utils/UFile.class
com/gdxsoft/easyweb/utils/HttpsOverSocks5$1.class
com/gdxsoft/easyweb/utils/Mail/MailDecode.class
com/gdxsoft/easyweb/utils/Mail/CustomMimeMessage.class
com/gdxsoft/easyweb/utils/UPath.class
com/gdxsoft/easyweb/utils/Mail/DKIMCfg.class
com/gdxsoft/easyweb/utils/Mail/Attachment.class
com/gdxsoft/easyweb/utils/msnet/MList.class
com/gdxsoft/easyweb/utils/msnet/MStr.class
com/gdxsoft/easyweb/utils/Mail/MailLogHelper.class
com/gdxsoft/easyweb/utils/UQRCode.class
com/gdxsoft/easyweb/utils/Mail/DKIMAlgorithm.class
com/gdxsoft/easyweb/utils/UNet$1.class
com/gdxsoft/easyweb/utils/UAes.class
com/gdxsoft/easyweb/utils/Mail/SendMail.class
com/gdxsoft/easyweb/utils/Mail/DKIMCanonicalizationSimpleImpl.class
com/gdxsoft/easyweb/utils/UImages.class
com/gdxsoft/easyweb/utils/IUSymmetricEncyrpt.class
