/Users/admin/java/com.gdxsoft/emp-script-utils/src/main/java/com/gdxsoft/easyweb/utils/msnet/MStr.java
/Users/admin/java/com.gdxsoft/emp-script-utils/src/main/java/com/gdxsoft/easyweb/utils/Mail/MailLogHelper.java
/Users/admin/java/com.gdxsoft/emp-script-utils/src/main/java/com/gdxsoft/easyweb/utils/UXml.java
/Users/admin/java/com.gdxsoft/emp-script-utils/src/main/java/com/gdxsoft/easyweb/utils/UPath.java
/Users/admin/java/com.gdxsoft/emp-script-utils/src/main/java/com/gdxsoft/easyweb/utils/UFile.java
/Users/admin/java/com.gdxsoft/emp-script-utils/src/main/java/com/gdxsoft/easyweb/utils/Mail/DKIMAlgorithm.java
/Users/admin/java/com.gdxsoft/emp-script-utils/src/main/java/com/gdxsoft/easyweb/utils/OpCipher.java
/Users/admin/java/com.gdxsoft/emp-script-utils/src/main/java/com/gdxsoft/easyweb/utils/Mail/DKIMCanonicalizationRelaxedImpl.java
/Users/admin/java/com.gdxsoft/emp-script-utils/src/main/java/com/gdxsoft/easyweb/utils/UPinYin.java
/Users/admin/java/com.gdxsoft/emp-script-utils/src/main/java/com/gdxsoft/easyweb/utils/UFileFilter.java
/Users/admin/java/com.gdxsoft/emp-script-utils/src/main/java/com/gdxsoft/easyweb/utils/HttpsOverSocks5.java
/Users/admin/java/com.gdxsoft/emp-script-utils/src/main/java/com/gdxsoft/easyweb/utils/Mail/SmtpCfg.java
/Users/admin/java/com.gdxsoft/emp-script-utils/src/main/java/com/gdxsoft/easyweb/utils/Mail/Attachment.java
/Users/admin/java/com.gdxsoft/emp-script-utils/src/main/java/com/gdxsoft/easyweb/utils/UCookies.java
/Users/admin/java/com.gdxsoft/emp-script-utils/src/main/java/com/gdxsoft/easyweb/utils/ULogic.java
/Users/admin/java/com.gdxsoft/emp-script-utils/src/main/java/com/gdxsoft/easyweb/utils/Mail/DKIMCfg.java
/Users/admin/java/com.gdxsoft/emp-script-utils/src/main/java/com/gdxsoft/easyweb/utils/UFileCheck.java
/Users/admin/java/com.gdxsoft/emp-script-utils/src/main/java/com/gdxsoft/easyweb/utils/IPageSplit.java
/Users/admin/java/com.gdxsoft/emp-script-utils/src/main/java/com/gdxsoft/easyweb/utils/Mail/MailAuth.java
/Users/admin/java/com.gdxsoft/emp-script-utils/src/main/java/com/gdxsoft/easyweb/utils/UHtml.java
/Users/admin/java/com.gdxsoft/emp-script-utils/src/main/java/com/gdxsoft/easyweb/utils/msnet/MTableStr.java
/Users/admin/java/com.gdxsoft/emp-script-utils/src/main/java/com/gdxsoft/easyweb/utils/Mail/IDKIMCanonicalization.java
/Users/admin/java/com.gdxsoft/emp-script-utils/src/main/java/com/gdxsoft/easyweb/utils/types/UInt64.java
/Users/admin/java/com.gdxsoft/emp-script-utils/src/main/java/com/gdxsoft/easyweb/utils/Mail/CustomMimeMessage.java
/Users/admin/java/com.gdxsoft/emp-script-utils/src/main/java/com/gdxsoft/easyweb/utils/msnet/MTable.java
/Users/admin/java/com.gdxsoft/emp-script-utils/src/main/java/com/gdxsoft/easyweb/utils/UMail.java
/Users/admin/java/com.gdxsoft/emp-script-utils/src/main/java/com/gdxsoft/easyweb/utils/Mail/DKIMMessage.java
/Users/admin/java/com.gdxsoft/emp-script-utils/src/main/java/com/gdxsoft/easyweb/utils/USign.java
/Users/admin/java/com.gdxsoft/emp-script-utils/src/main/java/com/gdxsoft/easyweb/utils/msnet/MList.java
/Users/admin/java/com.gdxsoft/emp-script-utils/src/main/java/com/gdxsoft/easyweb/utils/sources/SourcesToOneFile.java
/Users/admin/java/com.gdxsoft/emp-script-utils/src/main/java/com/gdxsoft/easyweb/utils/UImages.java
/Users/admin/java/com.gdxsoft/emp-script-utils/src/main/java/com/gdxsoft/easyweb/utils/UDes.java
/Users/admin/java/com.gdxsoft/emp-script-utils/src/main/java/com/gdxsoft/easyweb/utils/UCheckerIn.java
/Users/admin/java/com.gdxsoft/emp-script-utils/src/main/java/com/gdxsoft/easyweb/utils/Mail/DKIMCanonicalizationSimpleImpl.java
/Users/admin/java/com.gdxsoft/emp-script-utils/src/main/java/com/gdxsoft/easyweb/utils/msnet/MListStr.java
/Users/admin/java/com.gdxsoft/emp-script-utils/src/main/java/com/gdxsoft/easyweb/utils/UQRCode.java
/Users/admin/java/com.gdxsoft/emp-script-utils/src/main/java/com/gdxsoft/easyweb/utils/Mail/Addr.java
/Users/admin/java/com.gdxsoft/emp-script-utils/src/main/java/com/gdxsoft/easyweb/conf/ConfImageMagick.java
/Users/admin/java/com.gdxsoft/emp-script-utils/src/main/java/com/gdxsoft/easyweb/utils/Mail/SmtpCfgs.java
/Users/admin/java/com.gdxsoft/emp-script-utils/src/main/java/com/gdxsoft/easyweb/utils/UUrl.java
/Users/admin/java/com.gdxsoft/emp-script-utils/src/main/java/com/gdxsoft/easyweb/utils/IUSymmetricEncyrpt.java
/Users/admin/java/com.gdxsoft/emp-script-utils/src/main/java/com/gdxsoft/easyweb/utils/UAes.java
/Users/admin/java/com.gdxsoft/emp-script-utils/src/main/java/com/gdxsoft/easyweb/utils/Utils.java
/Users/admin/java/com.gdxsoft/emp-script-utils/src/main/java/com/gdxsoft/easyweb/utils/URsa.java
/Users/admin/java/com.gdxsoft/emp-script-utils/src/main/java/com/gdxsoft/easyweb/utils/types/UInt16.java
/Users/admin/java/com.gdxsoft/emp-script-utils/src/main/java/com/gdxsoft/easyweb/utils/Mail/DKIMSigner.java
/Users/admin/java/com.gdxsoft/emp-script-utils/src/main/java/com/gdxsoft/easyweb/utils/UArgon2.java
/Users/admin/java/com.gdxsoft/emp-script-utils/src/main/java/com/gdxsoft/easyweb/utils/UConvert.java
/Users/admin/java/com.gdxsoft/emp-script-utils/src/main/java/com/gdxsoft/easyweb/utils/types/UInt32.java
/Users/admin/java/com.gdxsoft/emp-script-utils/src/main/java/com/gdxsoft/easyweb/utils/Mail/MailDecode.java
/Users/admin/java/com.gdxsoft/emp-script-utils/src/main/java/com/gdxsoft/easyweb/utils/UDns.java
/Users/admin/java/com.gdxsoft/emp-script-utils/src/main/java/com/gdxsoft/easyweb/utils/UNet.java
/Users/admin/java/com.gdxsoft/emp-script-utils/src/main/java/com/gdxsoft/easyweb/utils/Mail/SendMail.java
/Users/admin/java/com.gdxsoft/emp-script-utils/src/main/java/com/gdxsoft/easyweb/utils/UDigest.java
/Users/admin/java/com.gdxsoft/emp-script-utils/src/main/java/com/gdxsoft/easyweb/utils/UJSon.java
/Users/admin/java/com.gdxsoft/emp-script-utils/src/main/java/com/gdxsoft/easyweb/utils/UFormat.java
