/Users/admin/java/com.gdxsoft/emp-script-utils/src/test/java/test/java/TestDate.java
/Users/admin/java/com.gdxsoft/emp-script-utils/src/test/java/test/java/TestUFile.java
/Users/admin/java/com.gdxsoft/emp-script-utils/src/test/java/test/java/TestMail.java
/Users/admin/java/com.gdxsoft/emp-script-utils/src/test/java/test/java/TestZipCompress.java
/Users/admin/java/com.gdxsoft/emp-script-utils/src/test/java/test/java/TestDns.java
/Users/admin/java/com.gdxsoft/emp-script-utils/src/test/java/test/java/TestEncyrpt.java
/Users/admin/java/com.gdxsoft/emp-script-utils/src/test/java/test/java/TestPinYin.java
/Users/admin/java/com.gdxsoft/emp-script-utils/src/test/java/test/java/TestUXml.java
/Users/admin/java/com.gdxsoft/emp-script-utils/src/test/java/test/java/TestUpath.java
/Users/admin/java/com.gdxsoft/emp-script-utils/src/test/java/test/java/TestUint.java
/Users/admin/java/com.gdxsoft/emp-script-utils/src/test/java/test/java/TestUArgon2.java
/Users/admin/java/com.gdxsoft/emp-script-utils/src/test/java/test/java/TestAes.java
/Users/admin/java/com.gdxsoft/emp-script-utils/src/test/java/test/java/TestParameters.java
/Users/admin/java/com.gdxsoft/emp-script-utils/src/test/java/test/java/TestLogic.java
/Users/admin/java/com.gdxsoft/emp-script-utils/src/test/java/test/java/TestRsa.java
/Users/admin/java/com.gdxsoft/emp-script-utils/src/test/java/test/java/TestUNet.java
/Users/admin/java/com.gdxsoft/emp-script-utils/src/test/java/test/java/TestFormats.java
/Users/admin/java/com.gdxsoft/emp-script-utils/src/test/java/test/java/TestBase.java
